
> hotelmanagement@0.0.0 build
> vite build

[36mvite v7.2.7 [32mbuilding client environment for production...[36m[39m
transforming...
[32mÔ£ô[39m 3 modules transformed.
node.exe : [31mÔ£ù[39m Build failed in 295ms
At line:1 char:1
+ & "C:\Program Files\nodejs/node.exe" 
"C:\Program Files\nodejs/node_mo ...
+ ~~~~~~~~~~~~~~~~~~~~~~~~~~~~~~~~~~~~~~~~~~~~
~~~~~~~~~~~~~~~~~~~~~~~~~
    + CategoryInfo          : NotSpecified: ( 
   [31mÔ£ù[39m Build failed in 295ms:Strin  
  g) [], RemoteException
    + FullyQualifiedErrorId : NativeCommandEr 
   ror
 
[31merror during build:
[31m[vite:css] Failed to load PostCSS config 
(searchPath: 
C:/Users/Ayan/Desktop/Eproject/client): 
[Error] Loading PostCSS Plugin failed: Cannot 
find module '@tailwindcss/postcss'
Require stack:
- C:\Users\Ayan\Desktop\Eproject\client\postcs
s.config.js

(@C:\Users\Ayan\Desktop\Eproject\client\postcs
s.config.js)
Error: Loading PostCSS Plugin failed: Cannot 
find module '@tailwindcss/postcss'
Require stack:
- C:\Users\Ayan\Desktop\Eproject\client\postcs
s.config.js

(@C:\Users\Ayan\Desktop\Eproject\client\postcs
s.config.js)
    at load (file:///C:/Users/Ayan/Desktop/Epr
oject/client/node_modules/vite/dist/node/chunk
s/config.js:7660:10)
    at async Promise.all (index 0)
    at async plugins (file:///C:/Users/Ayan/De
sktop/Eproject/client/node_modules/vite/dist/n
ode/chunks/config.js:7682:11)
    at async processResult (file:///C:/Users/A
yan/Desktop/Eproject/client/node_modules/vite/
dist/node/chunks/config.js:7721:13)[31m
file: [36mC:/Users/Ayan/Desktop/Eproject/clie
nt/src/index.css[31m
[39m
